package basic

func Max(a, b float32) float32 {
	if a > b {
		return a
	}
	return b
}
