package ifaces

type holder struct {
	data int
}

type Set map[int]struct{}

func (s Set) Add(a int) {
	s[a] = struct{}{}
}

func (s Set) Delete(a int) {
	delete(s, a)
}
